// Jest Snapshot v1, https://goo.gl/fbAQLP

exports[`Home test renders home page`] = `
Array [
  <div
    className="header flex justify-start p-1 italic bg-[#2D4573] w-full"
  >
    <img
      alt="header-img"
      className="header-img"
      src="https://businesspost.ng/wp-content/uploads/2021/05/Financial-Stocks.jpg"
    />
    <h1
      className="font-bold text-3xl text-white md:font-bold md:text-5xl md:text-white "
    >
      Crypto Bazaar
    </h1>
  </div>,
  <div
    id="search-container"
  >
    <img
      alt=""
      id="search-icon"
      src="https://static-assets.codecademy.com/Courses/Learn-Redux/Recipes-App/icons/search.svg"
    />
    <input
      id="search"
      onChange={[Function]}
      placeholder="Search Company"
      type="text"
      value=""
    />
  </div>,
  <div
    className="grid grid-cols-2 w-4/5 m-10 gap-4 md:grid-cols-3 md:w-4/5 md:m-auto"
  />,
  <footer
    className="text-white"
  >
    <h2
      className="footer ml-6 font-bold"
    >
      © 2022 All rights reserved.
    </h2>
    <div
      className="mr-6 grid grid-cols-3 gap-x-2.5"
    >
      <a
        className="hover:text-sky-400"
        href="https://github.com/d2ndjim/financial-stocks"
      >
        Source
      </a>
      <a
        className="hover:text-sky-400"
        href="https://site.financialmodelingprep.com/developer/docs/"
      >
        API
      </a>
      <a
        className="hover:text-sky-400"
        href="https://www.behance.net/gallery/31579789/Ballhead-App-(Free-PSDs)"
      >
        Design
      </a>
    </div>
  </footer>,
]
`;
